---
http_interactions:
- request:
    method: post
    uri: https://api.parse.com/1/classes/BatchTestObject
    body:
      encoding: UTF-8
      string: '{"foo":"1"}'
    headers:
      User-Agent:
      - Parse for Ruby, 1.0.0
      Content-Type:
      - application/json
      X-Parse-Application-Id:
      - "<X-Parse-Application-Id>"
      X-Parse-Rest-Api-Key:
      - "<X-Parse-REST-API-Key>"
      X-Parserubyclient-Retries:
      - '3'
      Accept-Encoding:
      - gzip;q=1.0,deflate;q=0.6,identity;q=0.3
      Accept:
      - "*/*"
  response:
    status:
      code: 201
      message: Created
    headers:
      Access-Control-Allow-Methods:
      - "*"
      Access-Control-Allow-Origin:
      - "*"
      Content-Type:
      - application/json; charset=utf-8
      Date:
      - Wed, 09 Mar 2016 17:28:20 GMT
      Location:
      - https://api.parse.com/1/classes/BatchTestObject/IQ72fgC4jC
      Server:
      - nginx/1.6.0
      X-Parse-Platform:
      - G1
      X-Runtime:
      - '0.022419'
      Content-Length:
      - '65'
      Connection:
      - keep-alive
    body:
      encoding: UTF-8
      string: '{"createdAt":"2016-03-09T17:28:20.055Z","objectId":"IQ72fgC4jC"}

'
    http_version: 
  recorded_at: Wed, 09 Mar 2016 17:28:20 GMT
- request:
    method: post
    uri: https://api.parse.com/1/classes/BatchTestObject
    body:
      encoding: UTF-8
      string: '{"foo":"2"}'
    headers:
      User-Agent:
      - Parse for Ruby, 1.0.0
      Content-Type:
      - application/json
      X-Parse-Application-Id:
      - "<X-Parse-Application-Id>"
      X-Parse-Rest-Api-Key:
      - "<X-Parse-REST-API-Key>"
      X-Parserubyclient-Retries:
      - '3'
      Accept-Encoding:
      - gzip;q=1.0,deflate;q=0.6,identity;q=0.3
      Accept:
      - "*/*"
  response:
    status:
      code: 201
      message: Created
    headers:
      Access-Control-Allow-Methods:
      - "*"
      Access-Control-Allow-Origin:
      - "*"
      Content-Type:
      - application/json; charset=utf-8
      Date:
      - Wed, 09 Mar 2016 17:28:20 GMT
      Location:
      - https://api.parse.com/1/classes/BatchTestObject/AJ2BSvIwOq
      Server:
      - nginx/1.6.0
      X-Parse-Platform:
      - G1
      X-Runtime:
      - '0.010921'
      Content-Length:
      - '65'
      Connection:
      - keep-alive
    body:
      encoding: UTF-8
      string: '{"createdAt":"2016-03-09T17:28:20.509Z","objectId":"AJ2BSvIwOq"}

'
    http_version: 
  recorded_at: Wed, 09 Mar 2016 17:28:20 GMT
- request:
    method: post
    uri: https://api.parse.com/1/classes/BatchTestObject
    body:
      encoding: UTF-8
      string: '{"foo":"3"}'
    headers:
      User-Agent:
      - Parse for Ruby, 1.0.0
      Content-Type:
      - application/json
      X-Parse-Application-Id:
      - "<X-Parse-Application-Id>"
      X-Parse-Rest-Api-Key:
      - "<X-Parse-REST-API-Key>"
      X-Parserubyclient-Retries:
      - '3'
      Accept-Encoding:
      - gzip;q=1.0,deflate;q=0.6,identity;q=0.3
      Accept:
      - "*/*"
  response:
    status:
      code: 201
      message: Created
    headers:
      Access-Control-Allow-Methods:
      - "*"
      Access-Control-Allow-Origin:
      - "*"
      Content-Type:
      - application/json; charset=utf-8
      Date:
      - Wed, 09 Mar 2016 17:28:20 GMT
      Location:
      - https://api.parse.com/1/classes/BatchTestObject/NFwMAkxN9W
      Server:
      - nginx/1.6.0
      X-Parse-Platform:
      - G1
      X-Runtime:
      - '0.018013'
      Content-Length:
      - '65'
      Connection:
      - keep-alive
    body:
      encoding: UTF-8
      string: '{"createdAt":"2016-03-09T17:28:20.973Z","objectId":"NFwMAkxN9W"}

'
    http_version: 
  recorded_at: Wed, 09 Mar 2016 17:28:21 GMT
- request:
    method: post
    uri: https://api.parse.com/1/classes/BatchTestObject
    body:
      encoding: UTF-8
      string: '{"foo":"4"}'
    headers:
      User-Agent:
      - Parse for Ruby, 1.0.0
      Content-Type:
      - application/json
      X-Parse-Application-Id:
      - "<X-Parse-Application-Id>"
      X-Parse-Rest-Api-Key:
      - "<X-Parse-REST-API-Key>"
      X-Parserubyclient-Retries:
      - '3'
      Accept-Encoding:
      - gzip;q=1.0,deflate;q=0.6,identity;q=0.3
      Accept:
      - "*/*"
  response:
    status:
      code: 201
      message: Created
    headers:
      Access-Control-Allow-Methods:
      - "*"
      Access-Control-Allow-Origin:
      - "*"
      Content-Type:
      - application/json; charset=utf-8
      Date:
      - Wed, 09 Mar 2016 17:28:21 GMT
      Location:
      - https://api.parse.com/1/classes/BatchTestObject/NvzAFEb2Vx
      Server:
      - nginx/1.6.0
      X-Parse-Platform:
      - G1
      X-Runtime:
      - '0.021155'
      Content-Length:
      - '65'
      Connection:
      - keep-alive
    body:
      encoding: UTF-8
      string: '{"createdAt":"2016-03-09T17:28:21.455Z","objectId":"NvzAFEb2Vx"}

'
    http_version: 
  recorded_at: Wed, 09 Mar 2016 17:28:21 GMT
- request:
    method: post
    uri: https://api.parse.com/1/classes/BatchTestObject
    body:
      encoding: UTF-8
      string: '{"foo":"5"}'
    headers:
      User-Agent:
      - Parse for Ruby, 1.0.0
      Content-Type:
      - application/json
      X-Parse-Application-Id:
      - "<X-Parse-Application-Id>"
      X-Parse-Rest-Api-Key:
      - "<X-Parse-REST-API-Key>"
      X-Parserubyclient-Retries:
      - '3'
      Accept-Encoding:
      - gzip;q=1.0,deflate;q=0.6,identity;q=0.3
      Accept:
      - "*/*"
  response:
    status:
      code: 201
      message: Created
    headers:
      Access-Control-Allow-Methods:
      - "*"
      Access-Control-Allow-Origin:
      - "*"
      Content-Type:
      - application/json; charset=utf-8
      Date:
      - Wed, 09 Mar 2016 17:28:21 GMT
      Location:
      - https://api.parse.com/1/classes/BatchTestObject/S4RSbj7Dyg
      Server:
      - nginx/1.6.0
      X-Parse-Platform:
      - G1
      X-Runtime:
      - '0.011612'
      Content-Length:
      - '65'
      Connection:
      - keep-alive
    body:
      encoding: UTF-8
      string: '{"createdAt":"2016-03-09T17:28:21.931Z","objectId":"S4RSbj7Dyg"}

'
    http_version: 
  recorded_at: Wed, 09 Mar 2016 17:28:21 GMT
- request:
    method: post
    uri: https://api.parse.com/1/batch
    body:
      encoding: UTF-8
      string: '{"requests":[{"method":"DELETE","path":"/1/classes/BatchTestObject/IQ72fgC4jC"},{"method":"DELETE","path":"/1/classes/BatchTestObject/AJ2BSvIwOq"},{"method":"DELETE","path":"/1/classes/BatchTestObject/NFwMAkxN9W"},{"method":"DELETE","path":"/1/classes/BatchTestObject/NvzAFEb2Vx"},{"method":"DELETE","path":"/1/classes/BatchTestObject/S4RSbj7Dyg"}]}'
    headers:
      User-Agent:
      - Parse for Ruby, 1.0.0
      Content-Type:
      - application/json
      X-Parse-Application-Id:
      - "<X-Parse-Application-Id>"
      X-Parse-Rest-Api-Key:
      - "<X-Parse-REST-API-Key>"
      X-Parserubyclient-Retries:
      - '3'
      Accept-Encoding:
      - gzip;q=1.0,deflate;q=0.6,identity;q=0.3
      Accept:
      - "*/*"
  response:
    status:
      code: 200
      message: OK
    headers:
      Access-Control-Allow-Methods:
      - "*"
      Access-Control-Allow-Origin:
      - "*"
      Content-Type:
      - application/json; charset=utf-8
      Date:
      - Wed, 09 Mar 2016 17:28:22 GMT
      Server:
      - nginx/1.6.0
      X-Parse-Platform:
      - G1
      X-Runtime:
      - '0.019019'
      Content-Length:
      - '77'
      Connection:
      - keep-alive
    body:
      encoding: UTF-8
      string: '[{"success":{}},{"success":{}},{"success":{}},{"success":{}},{"success":{}}]

'
    http_version: 
  recorded_at: Wed, 09 Mar 2016 17:28:22 GMT
recorded_with: VCR 3.0.1
